<?xml version="1.0" encoding="UTF-8"?>
<testsuites name="jest tests" tests="9" failures="0" errors="0" time="0.918">
  <testsuite name="CreateVideoForm" errors="0" failures="0" skipped="0" timestamp="2025-07-21T20:08:57" time="0.49" tests="5">
    <testcase classname="CreateVideoForm renders all fields and the submit button" name="CreateVideoForm renders all fields and the submit button" time="0.067">
    </testcase>
    <testcase classname="CreateVideoForm shows validation errors for required fields" name="CreateVideoForm shows validation errors for required fields" time="0.021">
    </testcase>
    <testcase classname="CreateVideoForm submits valid data" name="CreateVideoForm submits valid data" time="0.026">
    </testcase>
    <testcase classname="CreateVideoForm shows server error if createVideo fails" name="CreateVideoForm shows server error if createVideo fails" time="0.019">
    </testcase>
    <testcase classname="CreateVideoForm disables submit button while submitting" name="CreateVideoForm disables submit button while submitting" time="0.021">
    </testcase>
  </testsuite>
  <testsuite name="videos db functions" errors="0" failures="0" skipped="0" timestamp="2025-07-21T20:08:57" time="0.045" tests="4">
    <testcase classname="videos db functions getVideoListByCriteria returns mapped videos" name="videos db functions getVideoListByCriteria returns mapped videos" time="0.001">
    </testcase>
    <testcase classname="videos db functions getVideoListByCriteria handles empty result" name="videos db functions getVideoListByCriteria handles empty result" time="0">
    </testcase>
    <testcase classname="videos db functions createVideo creates and returns a video" name="videos db functions createVideo creates and returns a video" time="0">
    </testcase>
    <testcase classname="videos db functions createVideo throws on invalid input" name="videos db functions createVideo throws on invalid input" time="0.004">
    </testcase>
  </testsuite>
</testsuites>